// Jest Snapshot v1, https://goo.gl/fbAQLP

exports[`renders 1`] = `
<DocumentFragment>
  <button
    class="sc-bdfBwQ dRtQbr"
    style="background-color: rgb(249, 183, 89);"
  >
    Alt
  </button>
</DocumentFragment>
`;
