// Jest Snapshot v1, https://goo.gl/fbAQLP

exports[`renders 1`] = `
<DocumentFragment>
  <div
    class="sc-gsTCUz hBNOmI"
  >
     
    <button
      class="sc-bdfBwQ dRtQbr"
      style="background-color: rgb(249, 183, 89);"
    >
      Alt
    </button>
     
  </div>
</DocumentFragment>
`;
