// Jest Snapshot v1, https://goo.gl/fbAQLP

exports[`Should match snapshot 1`] = `
<DocumentFragment>
  <div
    class="sc-fodVxV lbybPD"
  >
    <div
      class="sc-bdfBwQ kZrORh"
    >
      <img
        alt="Online logo"
        src="/images/logo.png"
      />
      <div>
        <span>
          SuperAdmin | 
          <svg
            fill="currentColor"
            height="20px"
            stroke="currentColor"
            stroke-width="0"
            style="color: white;"
            viewBox="0 0 512 512"
            width="20px"
            xmlns="http://www.w3.org/2000/svg"
          >
            <path
              d="M200.4 27.39L180.9 183h42.8l49.1-146.57-72.4-9.04zm91.7 8L242.7 183l149.7.1 34.3-102.61-134.6-45.1zM180 46.03l-71.9 7.84L122.2 183h40.7L180 46.03zM64 153c-11.5 0-19.18 8.8-21.27 17.2-1.04 4.2-.45 7.6.73 9.5 1.17 1.8 2.79 3.3 8.54 3.3h52.1l-3.3-30H64zm357.4 0l-10 30h47.5c-2.6-5-3.7-10.3-3-15.6.7-5.2 2.7-9.9 5.3-14.4h-39.8zM41 201v246.9c0 5.1 2.79 11.1 7.37 15.7C52.96 468.2 59 471 64 471l384 .1c5 0 11-2.8 15.6-7.4 4.6-4.6 7.4-10.6 7.4-15.7v-71h-87c-44 0-44-82 0-82h87v-93.9L41 201zm343 112c-20 0-20 46 0 46h22.3c-9-3.8-15.3-12.7-15.3-23s6.3-19.2 15.3-23H384zm41.7 0c9 3.8 15.3 12.7 15.3 23s-6.3 19.2-15.3 23H487v-46h-61.3zm-9.7 16c-4 0-7 3-7 7s3 7 7 7 7-3 7-7-3-7-7-7z"
            />
          </svg>
           1337kr
        </span>
      </div>
      <svg
        fill="currentColor"
        height="40px"
        stroke="currentColor"
        stroke-width="0"
        style="color: white;"
        viewBox="0 0 24 24"
        width="40px"
        xmlns="http://www.w3.org/2000/svg"
      >
        <g>
          <path
            d="M0 0h24v24H0z"
            fill="none"
          />
          <path
            d="M5 22a1 1 0 0 1-1-1V3a1 1 0 0 1 1-1h14a1 1 0 0 1 1 1v3h-2V4H6v16h12v-2h2v3a1 1 0 0 1-1 1H5zm13-6v-3h-7v-2h7V8l5 4-5 4z"
          />
        </g>
      </svg>
    </div>
    <div
      class="sc-hBEYos cQbDIC"
    >
       
      <button
        class="sc-kstrdz hFwqZf"
        style="background-color: rgb(249, 183, 89);"
      >
        Alt
      </button>
      <button
        class="sc-kstrdz hFwqZf"
        style="background-color: rgb(13, 84, 116);"
      >
        Drikke
      </button>
       
    </div>
    <div
      class="sc-bqyKva eMKDgV"
    >
      <div
        class="sc-hKgILt flfMrp"
      >
        <div
          class="sc-gsTCUz irNvkl"
        >
          <img
            alt="Product image"
            src="https://online.ntnu.no//media/images/responsive/sm/38688f77-21b6-4936-8ba6-c976538fb110.png"
          />
          <div
            class="sc-dlfnbm iVQmJT"
          >
            <span>
              <b>
                 Powerking 
              </b>
            </span>
            <span>
              <b>
                10
              </b>
              kr
            </span>
          </div>
        </div>
      </div>
      <div
        class="sc-iqHYGH cSvoCr"
      >
        <h2>
           Handlekurven din
        </h2>
        <div
          class="sc-crrsfI fmjLHG"
        >
          <div
            class="sc-eCssSg impzwC"
          >
            <img
              alt="Product image"
              src="https://online.ntnu.no//media/images/responsive/sm/38688f77-21b6-4936-8ba6-c976538fb110.png"
            />
            <span>
              <b>
                 Powerking 
              </b>
            </span>
            <span />
            <span>
              Quantity:
              <b>
                1
              </b>
            </span>
            <span>
              <b>
                10
              </b>
              kr
            </span>
          </div>
        </div>
        <div
          class="sc-dQppl icFKbN"
        >
          <span>
            <b>
               Sum :
            </b>
          </span>
          <span
            id="pris"
          >
            <b>
               10kr
            </b>
          </span>
        </div>
        <button
          class="sc-jSgupP chIaFM"
        >
          Kj√∏p
        </button>
      </div>
    </div>
  </div>
</DocumentFragment>
`;
