// Jest Snapshot v1, https://goo.gl/fbAQLP

exports[`renders 1`] = `
<DocumentFragment>
  <div
    class="sc-bdfBwQ lbVopv"
  >
    <p>
      Test
    </p>
  </div>
</DocumentFragment>
`;
