// Jest Snapshot v1, https://goo.gl/fbAQLP

exports[`Should match snapshot 1`] = `
<DocumentFragment>
  <div
    class="sc-bdfBwQ hMdVtH"
  >
    <h3>
       En feil oppsto! 
    </h3>
    <p>
       Vennligst logg ut, og pr√∏v igjen
    </p>
  </div>
</DocumentFragment>
`;
