// Jest Snapshot v1, https://goo.gl/fbAQLP

exports[`renders 1`] = `
<DocumentFragment>
  <input
    class="sc-bdfBwQ bOBVXI"
    type="text"
    value=""
  />
</DocumentFragment>
`;
